============================= test session starts ==============================
platform linux -- Python 3.12.13, pytest-7.4.4, pluggy-1.6.0 -- /usr/local/bin/python3.12
cachedir: .pytest_cache
rootdir: /app
configfile: pytest.ini
plugins: cov-4.1.0, asyncio-0.23.6, anyio-4.13.0
asyncio: mode=Mode.AUTO
collecting ... collected 1 item

tests/integration/test_requests_integration.py::test_create_request_success FAILED [100%]

=================================== FAILURES ===================================
_________________________ test_create_request_success __________________________
  + Exception Group Traceback (most recent call last):
  |   File "/usr/local/lib/python3.12/site-packages/starlette/_utils.py", line 85, in collapse_excgroups
  |     yield
  |   File "/usr/local/lib/python3.12/site-packages/starlette/middleware/base.py", line 190, in __call__
  |     async with anyio.create_task_group() as task_group:
  |                ^^^^^^^^^^^^^^^^^^^^^^^^^
  |   File "/usr/local/lib/python3.12/site-packages/anyio/_backends/_asyncio.py", line 799, in __aexit__
  |     raise BaseExceptionGroup(
  | ExceptionGroup: unhandled errors in a TaskGroup (1 sub-exception)
  +-+---------------- 1 ----------------
    | Traceback (most recent call last):
    |   File "/usr/local/lib/python3.12/site-packages/_pytest/runner.py", line 341, in from_call
    |     result: Optional[TResult] = func()
    |                                 ^^^^^^
    |   File "/usr/local/lib/python3.12/site-packages/_pytest/runner.py", line 262, in <lambda>
    |     lambda: ihook(item=item, **kwds), when=when, reraise=reraise
    |             ^^^^^^^^^^^^^^^^^^^^^^^^
    |   File "/usr/local/lib/python3.12/site-packages/pluggy/_hooks.py", line 512, in __call__
    |     return self._hookexec(self.name, self._hookimpls.copy(), kwargs, firstresult)
    |            ^^^^^^^^^^^^^^^^^^^^^^^^^^^^^^^^^^^^^^^^^^^^^^^^^^^^^^^^^^^^^^^^^^^^^^
    |   File "/usr/local/lib/python3.12/site-packages/pluggy/_manager.py", line 120, in _hookexec
    |     return self._inner_hookexec(hook_name, methods, kwargs, firstresult)
    |            ^^^^^^^^^^^^^^^^^^^^^^^^^^^^^^^^^^^^^^^^^^^^^^^^^^^^^^^^^^^^^
    |   File "/usr/local/lib/python3.12/site-packages/pluggy/_callers.py", line 167, in _multicall
    |     raise exception
    |   File "/usr/local/lib/python3.12/site-packages/pluggy/_callers.py", line 139, in _multicall
    |     teardown.throw(exception)
    |   File "/usr/local/lib/python3.12/site-packages/pluggy/_callers.py", line 53, in run_old_style_hookwrapper
    |     return result.get_result()
    |            ^^^^^^^^^^^^^^^^^^^
    |   File "/usr/local/lib/python3.12/site-packages/pluggy/_result.py", line 103, in get_result
    |     raise exc.with_traceback(tb)
    |   File "/usr/local/lib/python3.12/site-packages/pluggy/_callers.py", line 38, in run_old_style_hookwrapper
    |     res = yield
    |           ^^^^^
    |   File "/usr/local/lib/python3.12/site-packages/pluggy/_callers.py", line 139, in _multicall
    |     teardown.throw(exception)
    |   File "/usr/local/lib/python3.12/site-packages/pluggy/_callers.py", line 53, in run_old_style_hookwrapper
    |     return result.get_result()
    |            ^^^^^^^^^^^^^^^^^^^
    |   File "/usr/local/lib/python3.12/site-packages/pluggy/_result.py", line 103, in get_result
    |     raise exc.with_traceback(tb)
    |   File "/usr/local/lib/python3.12/site-packages/pluggy/_callers.py", line 38, in run_old_style_hookwrapper
    |     res = yield
    |           ^^^^^
    |   File "/usr/local/lib/python3.12/site-packages/pluggy/_callers.py", line 139, in _multicall
    |     teardown.throw(exception)
    |   File "/usr/local/lib/python3.12/site-packages/pluggy/_callers.py", line 53, in run_old_style_hookwrapper
    |     return result.get_result()
    |            ^^^^^^^^^^^^^^^^^^^
    |   File "/usr/local/lib/python3.12/site-packages/pluggy/_result.py", line 103, in get_result
    |     raise exc.with_traceback(tb)
    |   File "/usr/local/lib/python3.12/site-packages/pluggy/_callers.py", line 38, in run_old_style_hookwrapper
    |     res = yield
    |           ^^^^^
    |   File "/usr/local/lib/python3.12/site-packages/pluggy/_callers.py", line 139, in _multicall
    |     teardown.throw(exception)
    |   File "/usr/local/lib/python3.12/site-packages/pluggy/_callers.py", line 53, in run_old_style_hookwrapper
    |     return result.get_result()
    |            ^^^^^^^^^^^^^^^^^^^
    |   File "/usr/local/lib/python3.12/site-packages/pluggy/_result.py", line 103, in get_result
    |     raise exc.with_traceback(tb)
    |   File "/usr/local/lib/python3.12/site-packages/pluggy/_callers.py", line 38, in run_old_style_hookwrapper
    |     res = yield
    |           ^^^^^
    |   File "/usr/local/lib/python3.12/site-packages/pluggy/_callers.py", line 139, in _multicall
    |     teardown.throw(exception)
    |   File "/usr/local/lib/python3.12/site-packages/pluggy/_callers.py", line 53, in run_old_style_hookwrapper
    |     return result.get_result()
    |            ^^^^^^^^^^^^^^^^^^^
    |   File "/usr/local/lib/python3.12/site-packages/pluggy/_result.py", line 103, in get_result
    |     raise exc.with_traceback(tb)
    |   File "/usr/local/lib/python3.12/site-packages/pluggy/_callers.py", line 38, in run_old_style_hookwrapper
    |     res = yield
    |           ^^^^^
    |   File "/usr/local/lib/python3.12/site-packages/pluggy/_callers.py", line 121, in _multicall
    |     res = hook_impl.function(*args)
    |           ^^^^^^^^^^^^^^^^^^^^^^^^^
    |   File "/usr/local/lib/python3.12/site-packages/_pytest/runner.py", line 177, in pytest_runtest_call
    |     raise e
    |   File "/usr/local/lib/python3.12/site-packages/_pytest/runner.py", line 169, in pytest_runtest_call
    |     item.runtest()
    |   File "/usr/local/lib/python3.12/site-packages/pytest_asyncio/plugin.py", line 436, in runtest
    |     super().runtest()
    |   File "/usr/local/lib/python3.12/site-packages/_pytest/python.py", line 1792, in runtest
    |     self.ihook.pytest_pyfunc_call(pyfuncitem=self)
    |   File "/usr/local/lib/python3.12/site-packages/pluggy/_hooks.py", line 512, in __call__
    |     return self._hookexec(self.name, self._hookimpls.copy(), kwargs, firstresult)
    |            ^^^^^^^^^^^^^^^^^^^^^^^^^^^^^^^^^^^^^^^^^^^^^^^^^^^^^^^^^^^^^^^^^^^^^^
    |   File "/usr/local/lib/python3.12/site-packages/pluggy/_manager.py", line 120, in _hookexec
    |     return self._inner_hookexec(hook_name, methods, kwargs, firstresult)
    |            ^^^^^^^^^^^^^^^^^^^^^^^^^^^^^^^^^^^^^^^^^^^^^^^^^^^^^^^^^^^^^
    |   File "/usr/local/lib/python3.12/site-packages/pluggy/_callers.py", line 167, in _multicall
    |     raise exception
    |   File "/usr/local/lib/python3.12/site-packages/pluggy/_callers.py", line 139, in _multicall
    |     teardown.throw(exception)
    |   File "/usr/local/lib/python3.12/site-packages/pluggy/_callers.py", line 53, in run_old_style_hookwrapper
    |     return result.get_result()
    |            ^^^^^^^^^^^^^^^^^^^
    |   File "/usr/local/lib/python3.12/site-packages/pluggy/_result.py", line 103, in get_result
    |     raise exc.with_traceback(tb)
    |   File "/usr/local/lib/python3.12/site-packages/pluggy/_callers.py", line 38, in run_old_style_hookwrapper
    |     res = yield
    |           ^^^^^
    |   File "/usr/local/lib/python3.12/site-packages/pluggy/_callers.py", line 121, in _multicall
    |     res = hook_impl.function(*args)
    |           ^^^^^^^^^^^^^^^^^^^^^^^^^
    |   File "/usr/local/lib/python3.12/site-packages/_pytest/python.py", line 194, in pytest_pyfunc_call
    |     result = testfunction(**testargs)
    |              ^^^^^^^^^^^^^^^^^^^^^^^^
    |   File "/usr/local/lib/python3.12/site-packages/pytest_asyncio/plugin.py", line 897, in inner
    |     _loop.run_until_complete(task)
    |   File "/usr/local/lib/python3.12/asyncio/base_events.py", line 691, in run_until_complete
    |     return future.result()
    |            ^^^^^^^^^^^^^^^
    |   File "/app/tests/integration/test_requests_integration.py", line 64, in test_create_request_success
    |     response = await client.post("/api/v1/requests", data=data)
    |                ^^^^^^^^^^^^^^^^^^^^^^^^^^^^^^^^^^^^^^^^^^^^^^^^
    |   File "/usr/local/lib/python3.12/site-packages/httpx/_client.py", line 1877, in post
    |     return await self.request(
    |            ^^^^^^^^^^^^^^^^^^^
    |   File "/usr/local/lib/python3.12/site-packages/httpx/_client.py", line 1559, in request
    |     return await self.send(request, auth=auth, follow_redirects=follow_redirects)
    |            ^^^^^^^^^^^^^^^^^^^^^^^^^^^^^^^^^^^^^^^^^^^^^^^^^^^^^^^^^^^^^^^^^^^^^^
    |   File "/usr/local/lib/python3.12/site-packages/httpx/_client.py", line 1646, in send
    |     response = await self._send_handling_auth(
    |                ^^^^^^^^^^^^^^^^^^^^^^^^^^^^^^^
    |   File "/usr/local/lib/python3.12/site-packages/httpx/_client.py", line 1674, in _send_handling_auth
    |     response = await self._send_handling_redirects(
    |                ^^^^^^^^^^^^^^^^^^^^^^^^^^^^^^^^^^^^
    |   File "/usr/local/lib/python3.12/site-packages/httpx/_client.py", line 1711, in _send_handling_redirects
    |     response = await self._send_single_request(request)
    |                ^^^^^^^^^^^^^^^^^^^^^^^^^^^^^^^^^^^^^^^^
    |   File "/usr/local/lib/python3.12/site-packages/httpx/_client.py", line 1748, in _send_single_request
    |     response = await transport.handle_async_request(request)
    |                ^^^^^^^^^^^^^^^^^^^^^^^^^^^^^^^^^^^^^^^^^^^^^
    |   File "/usr/local/lib/python3.12/site-packages/httpx/_transports/asgi.py", line 162, in handle_async_request
    |     await self.app(scope, receive, send)
    |   File "/usr/local/lib/python3.12/site-packages/fastapi/applications.py", line 1054, in __call__
    |     await super().__call__(scope, receive, send)
    |   File "/usr/local/lib/python3.12/site-packages/starlette/applications.py", line 123, in __call__
    |     await self.middleware_stack(scope, receive, send)
    |   File "/usr/local/lib/python3.12/site-packages/starlette/middleware/errors.py", line 186, in __call__
    |     raise exc
    |   File "/usr/local/lib/python3.12/site-packages/starlette/middleware/errors.py", line 164, in __call__
    |     await self.app(scope, receive, _send)
    |   File "/usr/local/lib/python3.12/site-packages/starlette/middleware/base.py", line 189, in __call__
    |     with collapse_excgroups():
    |          ^^^^^^^^^^^^^^^^^^^^
    |   File "/usr/local/lib/python3.12/contextlib.py", line 158, in __exit__
    |     self.gen.throw(value)
    |   File "/usr/local/lib/python3.12/site-packages/starlette/_utils.py", line 91, in collapse_excgroups
    |     raise exc
    |   File "/usr/local/lib/python3.12/site-packages/starlette/middleware/base.py", line 191, in __call__
    |     response = await self.dispatch_func(request, call_next)
    |                ^^^^^^^^^^^^^^^^^^^^^^^^^^^^^^^^^^^^^^^^^^^^
    |   File "/app/app/middleware/log_sanitizer.py", line 41, in dispatch
    |     response = await call_next(request)
    |                ^^^^^^^^^^^^^^^^^^^^^^^^
    |   File "/usr/local/lib/python3.12/site-packages/starlette/middleware/base.py", line 165, in call_next
    |     raise app_exc
    |   File "/usr/local/lib/python3.12/site-packages/starlette/middleware/base.py", line 151, in coro
    |     await self.app(scope, receive_or_disconnect, send_no_error)
    |   File "/usr/local/lib/python3.12/site-packages/starlette/middleware/cors.py", line 83, in __call__
    |     await self.app(scope, receive, send)
    |   File "/usr/local/lib/python3.12/site-packages/starlette/middleware/exceptions.py", line 62, in __call__
    |     await wrap_app_handling_exceptions(self.app, conn)(scope, receive, send)
    |   File "/usr/local/lib/python3.12/site-packages/starlette/_exception_handler.py", line 64, in wrapped_app
    |     raise exc
    |   File "/usr/local/lib/python3.12/site-packages/starlette/_exception_handler.py", line 53, in wrapped_app
    |     await app(scope, receive, sender)
    |   File "/usr/local/lib/python3.12/site-packages/starlette/routing.py", line 762, in __call__
    |     await self.middleware_stack(scope, receive, send)
    |   File "/usr/local/lib/python3.12/site-packages/starlette/routing.py", line 782, in app
    |     await route.handle(scope, receive, send)
    |   File "/usr/local/lib/python3.12/site-packages/starlette/routing.py", line 297, in handle
    |     await self.app(scope, receive, send)
    |   File "/usr/local/lib/python3.12/site-packages/starlette/routing.py", line 77, in app
    |     await wrap_app_handling_exceptions(app, request)(scope, receive, send)
    |   File "/usr/local/lib/python3.12/site-packages/starlette/_exception_handler.py", line 64, in wrapped_app
    |     raise exc
    |   File "/usr/local/lib/python3.12/site-packages/starlette/_exception_handler.py", line 53, in wrapped_app
    |     await app(scope, receive, sender)
    |   File "/usr/local/lib/python3.12/site-packages/starlette/routing.py", line 72, in app
    |     response = await func(request)
    |                ^^^^^^^^^^^^^^^^^^^
    |   File "/usr/local/lib/python3.12/site-packages/fastapi/routing.py", line 315, in app
    |     content = await serialize_response(
    |               ^^^^^^^^^^^^^^^^^^^^^^^^^
    |   File "/usr/local/lib/python3.12/site-packages/fastapi/routing.py", line 155, in serialize_response
    |     raise ResponseValidationError(
    | fastapi.exceptions.ResponseValidationError: 2 validation errors:
    |   {'type': 'get_attribute_error', 'loc': ('response', 'latitude'), 'msg': "Error extracting attribute: ImportError: This feature needs the optional Shapely dependency. Please install it with 'pip install geoalchemy2[shapely]'.", 'input': <app.models.request.Request object at 0x79afbbba2a80>, 'ctx': {'error': "ImportError: This feature needs the optional Shapely dependency. Please install it with 'pip install geoalchemy2[shapely]'."}, 'url': 'https://errors.pydantic.dev/2.5/v/get_attribute_error'}
    |   {'type': 'get_attribute_error', 'loc': ('response', 'longitude'), 'msg': "Error extracting attribute: ImportError: This feature needs the optional Shapely dependency. Please install it with 'pip install geoalchemy2[shapely]'.", 'input': <app.models.request.Request object at 0x79afbbba2a80>, 'ctx': {'error': "ImportError: This feature needs the optional Shapely dependency. Please install it with 'pip install geoalchemy2[shapely]'."}, 'url': 'https://errors.pydantic.dev/2.5/v/get_attribute_error'}
    | 
    +------------------------------------

During handling of the above exception, another exception occurred:

auth_client = (<httpx.AsyncClient object at 0x79afbba53ad0>, <app.models.user.User object at 0x79afbba53fb0>)
sample_category = <app.models.category.Category object at 0x79afbb119eb0>

    @pytest.mark.asyncio
    async def test_create_request_success(auth_client, sample_category):
        client, user = auth_client
    
        data = {
            "title": "Limpeza de Sof├í",
            "description": "Sof├í de 3 lugares retr├ítil",
            "category_id": str(sample_category.id),
            "urgency": "scheduled",
            "latitude": -23.55,
            "longitude": -46.63,
            "budget_cents": 25000
        }
    
        with patch("app.services.request_service.create_pool", new_callable=AsyncMock) as mock_pool:
            mock_redis = AsyncMock()
            mock_pool.return_value = mock_redis
    
>           response = await client.post("/api/v1/requests", data=data)

tests/integration/test_requests_integration.py:64: 
_ _ _ _ _ _ _ _ _ _ _ _ _ _ _ _ _ _ _ _ _ _ _ _ _ _ _ _ _ _ _ _ _ _ _ _ _ _ _ _ 

self = <httpx.AsyncClient object at 0x79afbba53ad0>, url = '/api/v1/requests'

    async def post(
        self,
        url: URLTypes,
        *,
        content: typing.Optional[RequestContent] = None,
        data: typing.Optional[RequestData] = None,
        files: typing.Optional[RequestFiles] = None,
        json: typing.Optional[typing.Any] = None,
        params: typing.Optional[QueryParamTypes] = None,
        headers: typing.Optional[HeaderTypes] = None,
        cookies: typing.Optional[CookieTypes] = None,
        auth: typing.Union[AuthTypes, UseClientDefault] = USE_CLIENT_DEFAULT,
        follow_redirects: typing.Union[bool, UseClientDefault] = USE_CLIENT_DEFAULT,
        timeout: typing.Union[TimeoutTypes, UseClientDefault] = USE_CLIENT_DEFAULT,
        extensions: typing.Optional[RequestExtensions] = None,
    ) -> Response:
        """
        Send a `POST` request.
    
        **Parameters**: See `httpx.request`.
        """
>       return await self.request(
            "POST",
            url,
            content=content,
            data=data,
            files=files,
            json=json,
            params=params,
            headers=headers,
            cookies=cookies,
            auth=auth,
            follow_redirects=follow_redirects,
            timeout=timeout,
            extensions=extensions,
        )

/usr/local/lib/python3.12/site-packages/httpx/_client.py:1877: 
_ _ _ _ _ _ _ _ _ _ _ _ _ _ _ _ _ _ _ _ _ _ _ _ _ _ _ _ _ _ _ _ _ _ _ _ _ _ _ _ 

self = <httpx.AsyncClient object at 0x79afbba53ad0>, method = 'POST'
url = '/api/v1/requests'

    async def request(
        self,
        method: str,
        url: URLTypes,
        *,
        content: typing.Optional[RequestContent] = None,
        data: typing.Optional[RequestData] = None,
        files: typing.Optional[RequestFiles] = None,
        json: typing.Optional[typing.Any] = None,
        params: typing.Optional[QueryParamTypes] = None,
        headers: typing.Optional[HeaderTypes] = None,
        cookies: typing.Optional[CookieTypes] = None,
        auth: typing.Union[AuthTypes, UseClientDefault, None] = USE_CLIENT_DEFAULT,
        follow_redirects: typing.Union[bool, UseClientDefault] = USE_CLIENT_DEFAULT,
        timeout: typing.Union[TimeoutTypes, UseClientDefault] = USE_CLIENT_DEFAULT,
        extensions: typing.Optional[RequestExtensions] = None,
    ) -> Response:
        """
        Build and send a request.
    
        Equivalent to:
    
        ```python
        request = client.build_request(...)
        response = await client.send(request, ...)
        ```
    
        See `AsyncClient.build_request()`, `AsyncClient.send()`
        and [Merging of configuration][0] for how the various parameters
        are merged with client-level configuration.
    
        [0]: /advanced/#merging-of-configuration
        """
        request = self.build_request(
            method=method,
            url=url,
            content=content,
            data=data,
            files=files,
            json=json,
            params=params,
            headers=headers,
            cookies=cookies,
            timeout=timeout,
            extensions=extensions,
        )
>       return await self.send(request, auth=auth, follow_redirects=follow_redirects)

/usr/local/lib/python3.12/site-packages/httpx/_client.py:1559: 
_ _ _ _ _ _ _ _ _ _ _ _ _ _ _ _ _ _ _ _ _ _ _ _ _ _ _ _ _ _ _ _ _ _ _ _ _ _ _ _ 

self = <httpx.AsyncClient object at 0x79afbba53ad0>
request = <Request('POST', 'http://test/api/v1/requests')>

    async def send(
        self,
        request: Request,
        *,
        stream: bool = False,
        auth: typing.Union[AuthTypes, UseClientDefault, None] = USE_CLIENT_DEFAULT,
        follow_redirects: typing.Union[bool, UseClientDefault] = USE_CLIENT_DEFAULT,
    ) -> Response:
        """
        Send a request.
    
        The request is sent as-is, unmodified.
    
        Typically you'll want to build one with `AsyncClient.build_request()`
        so that any client-level configuration is merged into the request,
        but passing an explicit `httpx.Request()` is supported as well.
    
        See also: [Request instances][0]
    
        [0]: /advanced/#request-instances
        """
        if self._state == ClientState.CLOSED:
            raise RuntimeError("Cannot send a request, as the client has been closed.")
    
        self._state = ClientState.OPENED
        follow_redirects = (
            self.follow_redirects
            if isinstance(follow_redirects, UseClientDefault)
            else follow_redirects
        )
    
        auth = self._build_request_auth(request, auth)
    
>       response = await self._send_handling_auth(
            request,
            auth=auth,
            follow_redirects=follow_redirects,
            history=[],
        )

/usr/local/lib/python3.12/site-packages/httpx/_client.py:1646: 
_ _ _ _ _ _ _ _ _ _ _ _ _ _ _ _ _ _ _ _ _ _ _ _ _ _ _ _ _ _ _ _ _ _ _ _ _ _ _ _ 

self = <httpx.AsyncClient object at 0x79afbba53ad0>
request = <Request('POST', 'http://test/api/v1/requests')>
auth = <httpx.Auth object at 0x79afbbb67b60>, follow_redirects = False
history = []

    async def _send_handling_auth(
        self,
        request: Request,
        auth: Auth,
        follow_redirects: bool,
        history: typing.List[Response],
    ) -> Response:
        auth_flow = auth.async_auth_flow(request)
        try:
            request = await auth_flow.__anext__()
    
            while True:
>               response = await self._send_handling_redirects(
                    request,
                    follow_redirects=follow_redirects,
                    history=history,
                )

/usr/local/lib/python3.12/site-packages/httpx/_client.py:1674: 
_ _ _ _ _ _ _ _ _ _ _ _ _ _ _ _ _ _ _ _ _ _ _ _ _ _ _ _ _ _ _ _ _ _ _ _ _ _ _ _ 

self = <httpx.AsyncClient object at 0x79afbba53ad0>
request = <Request('POST', 'http://test/api/v1/requests')>
follow_redirects = False, history = []

    async def _send_handling_redirects(
        self,
        request: Request,
        follow_redirects: bool,
        history: typing.List[Response],
    ) -> Response:
        while True:
            if len(history) > self.max_redirects:
                raise TooManyRedirects(
                    "Exceeded maximum allowed redirects.", request=request
                )
    
            for hook in self._event_hooks["request"]:
                await hook(request)
    
>           response = await self._send_single_request(request)

/usr/local/lib/python3.12/site-packages/httpx/_client.py:1711: 
_ _ _ _ _ _ _ _ _ _ _ _ _ _ _ _ _ _ _ _ _ _ _ _ _ _ _ _ _ _ _ _ _ _ _ _ _ _ _ _ 

self = <httpx.AsyncClient object at 0x79afbba53ad0>
request = <Request('POST', 'http://test/api/v1/requests')>

    async def _send_single_request(self, request: Request) -> Response:
        """
        Sends a single request, without handling any redirections.
        """
        transport = self._transport_for_url(request.url)
        timer = Timer()
        await timer.async_start()
    
        if not isinstance(request.stream, AsyncByteStream):
            raise RuntimeError(
                "Attempted to send an sync request with an AsyncClient instance."
            )
    
        with request_context(request=request):
>           response = await transport.handle_async_request(request)

/usr/local/lib/python3.12/site-packages/httpx/_client.py:1748: 
_ _ _ _ _ _ _ _ _ _ _ _ _ _ _ _ _ _ _ _ _ _ _ _ _ _ _ _ _ _ _ _ _ _ _ _ _ _ _ _ 

self = <httpx.ASGITransport object at 0x79afbba53aa0>
request = <Request('POST', 'http://test/api/v1/requests')>

    async def handle_async_request(
        self,
        request: Request,
    ) -> Response:
        assert isinstance(request.stream, AsyncByteStream)
    
        # ASGI scope.
        scope = {
            "type": "http",
            "asgi": {"version": "3.0"},
            "http_version": "1.1",
            "method": request.method,
            "headers": [(k.lower(), v) for (k, v) in request.headers.raw],
            "scheme": request.url.scheme,
            "path": request.url.path,
            "raw_path": request.url.raw_path.split(b"?")[0],
            "query_string": request.url.query,
            "server": (request.url.host, request.url.port),
            "client": self.client,
            "root_path": self.root_path,
        }
    
        # Request.
        request_body_chunks = request.stream.__aiter__()
        request_complete = False
    
        # Response.
        status_code = None
        response_headers = None
        body_parts = []
        response_started = False
        response_complete = create_event()
    
        # ASGI callables.
    
        async def receive() -> typing.Dict[str, typing.Any]:
            nonlocal request_complete
    
            if request_complete:
                await response_complete.wait()
                return {"type": "http.disconnect"}
    
            try:
                body = await request_body_chunks.__anext__()
            except StopAsyncIteration:
                request_complete = True
                return {"type": "http.request", "body": b"", "more_body": False}
            return {"type": "http.request", "body": body, "more_body": True}
    
        async def send(message: typing.Dict[str, typing.Any]) -> None:
            nonlocal status_code, response_headers, response_started
    
            if message["type"] == "http.response.start":
                assert not response_started
    
                status_code = message["status"]
                response_headers = message.get("headers", [])
                response_started = True
    
            elif message["type"] == "http.response.body":
                assert not response_complete.is_set()
                body = message.get("body", b"")
                more_body = message.get("more_body", False)
    
                if body and request.method != "HEAD":
                    body_parts.append(body)
    
                if not more_body:
                    response_complete.set()
    
        try:
>           await self.app(scope, receive, send)

/usr/local/lib/python3.12/site-packages/httpx/_transports/asgi.py:162: 
_ _ _ _ _ _ _ _ _ _ _ _ _ _ _ _ _ _ _ _ _ _ _ _ _ _ _ _ _ _ _ _ _ _ _ _ _ _ _ _ 

self = <fastapi.applications.FastAPI object at 0x79afbdc25ac0>
scope = {'app': <fastapi.applications.FastAPI object at 0x79afbdc25ac0>, 'asgi': {'version': '3.0'}, 'client': ('127.0.0.1', 123), 'endpoint': <function create_request at 0x79afbbdf1260>, ...}
receive = <function ASGITransport.handle_async_request.<locals>.receive at 0x79afbb12b560>
send = <function ASGITransport.handle_async_request.<locals>.send at 0x79afbb12b600>

    async def __call__(self, scope: Scope, receive: Receive, send: Send) -> None:
        if self.root_path:
            scope["root_path"] = self.root_path
>       await super().__call__(scope, receive, send)

/usr/local/lib/python3.12/site-packages/fastapi/applications.py:1054: 
_ _ _ _ _ _ _ _ _ _ _ _ _ _ _ _ _ _ _ _ _ _ _ _ _ _ _ _ _ _ _ _ _ _ _ _ _ _ _ _ 

self = <fastapi.applications.FastAPI object at 0x79afbdc25ac0>
scope = {'app': <fastapi.applications.FastAPI object at 0x79afbdc25ac0>, 'asgi': {'version': '3.0'}, 'client': ('127.0.0.1', 123), 'endpoint': <function create_request at 0x79afbbdf1260>, ...}
receive = <function ASGITransport.handle_async_request.<locals>.receive at 0x79afbb12b560>
send = <function ASGITransport.handle_async_request.<locals>.send at 0x79afbb12b600>

    async def __call__(self, scope: Scope, receive: Receive, send: Send) -> None:
        scope["app"] = self
        if self.middleware_stack is None:
            self.middleware_stack = self.build_middleware_stack()
>       await self.middleware_stack(scope, receive, send)

/usr/local/lib/python3.12/site-packages/starlette/applications.py:123: 
_ _ _ _ _ _ _ _ _ _ _ _ _ _ _ _ _ _ _ _ _ _ _ _ _ _ _ _ _ _ _ _ _ _ _ _ _ _ _ _ 

self = <starlette.middleware.errors.ServerErrorMiddleware object at 0x79afbb146c60>
scope = {'app': <fastapi.applications.FastAPI object at 0x79afbdc25ac0>, 'asgi': {'version': '3.0'}, 'client': ('127.0.0.1', 123), 'endpoint': <function create_request at 0x79afbbdf1260>, ...}
receive = <function ASGITransport.handle_async_request.<locals>.receive at 0x79afbb12b560>
send = <function ASGITransport.handle_async_request.<locals>.send at 0x79afbb12b600>

    async def __call__(self, scope: Scope, receive: Receive, send: Send) -> None:
        if scope["type"] != "http":
            await self.app(scope, receive, send)
            return
    
        response_started = False
    
        async def _send(message: Message) -> None:
            nonlocal response_started, send
    
            if message["type"] == "http.response.start":
                response_started = True
            await send(message)
    
        try:
            await self.app(scope, receive, _send)
        except Exception as exc:
            request = Request(scope)
            if self.debug:
                # In debug mode, return traceback responses.
                response = self.debug_response(request, exc)
            elif self.handler is None:
                # Use our default 500 error handler.
                response = self.error_response(request, exc)
            else:
                # Use an installed 500 error handler.
                if is_async_callable(self.handler):
                    response = await self.handler(request, exc)
                else:
                    response = await run_in_threadpool(self.handler, request, exc)
    
            if not response_started:
                await response(scope, receive, send)
    
            # We always continue to raise the exception.
            # This allows servers to log the error, or allows test clients
            # to optionally raise the error within the test case.
>           raise exc

/usr/local/lib/python3.12/site-packages/starlette/middleware/errors.py:186: 
_ _ _ _ _ _ _ _ _ _ _ _ _ _ _ _ _ _ _ _ _ _ _ _ _ _ _ _ _ _ _ _ _ _ _ _ _ _ _ _ 

self = <starlette.middleware.errors.ServerErrorMiddleware object at 0x79afbb146c60>
scope = {'app': <fastapi.applications.FastAPI object at 0x79afbdc25ac0>, 'asgi': {'version': '3.0'}, 'client': ('127.0.0.1', 123), 'endpoint': <function create_request at 0x79afbbdf1260>, ...}
receive = <function ASGITransport.handle_async_request.<locals>.receive at 0x79afbb12b560>
send = <function ASGITransport.handle_async_request.<locals>.send at 0x79afbb12b600>

    async def __call__(self, scope: Scope, receive: Receive, send: Send) -> None:
        if scope["type"] != "http":
            await self.app(scope, receive, send)
            return
    
        response_started = False
    
        async def _send(message: Message) -> None:
            nonlocal response_started, send
    
            if message["type"] == "http.response.start":
                response_started = True
            await send(message)
    
        try:
>           await self.app(scope, receive, _send)

/usr/local/lib/python3.12/site-packages/starlette/middleware/errors.py:164: 
_ _ _ _ _ _ _ _ _ _ _ _ _ _ _ _ _ _ _ _ _ _ _ _ _ _ _ _ _ _ _ _ _ _ _ _ _ _ _ _ 

self = <app.middleware.log_sanitizer.LogSanitizerMiddleware object at 0x79afbb146c30>
scope = {'app': <fastapi.applications.FastAPI object at 0x79afbdc25ac0>, 'asgi': {'version': '3.0'}, 'client': ('127.0.0.1', 123), 'endpoint': <function create_request at 0x79afbbdf1260>, ...}
receive = <function ASGITransport.handle_async_request.<locals>.receive at 0x79afbb12b560>
send = <function ServerErrorMiddleware.__call__.<locals>._send at 0x79afbb12b740>

    async def __call__(self, scope: Scope, receive: Receive, send: Send) -> None:
        if scope["type"] != "http":
            await self.app(scope, receive, send)
            return
    
        request = _CachedRequest(scope, receive)
        wrapped_receive = request.wrapped_receive
        response_sent = anyio.Event()
    
        async def call_next(request: Request) -> Response:
            app_exc: typing.Optional[Exception] = None
            send_stream: ObjectSendStream[typing.MutableMapping[str, typing.Any]]
            recv_stream: ObjectReceiveStream[typing.MutableMapping[str, typing.Any]]
            send_stream, recv_stream = anyio.create_memory_object_stream()
    
            async def receive_or_disconnect() -> Message:
                if response_sent.is_set():
                    return {"type": "http.disconnect"}
    
                async with anyio.create_task_group() as task_group:
    
                    async def wrap(func: typing.Callable[[], typing.Awaitable[T]]) -> T:
                        result = await func()
                        task_group.cancel_scope.cancel()
                        return result
    
                    task_group.start_soon(wrap, response_sent.wait)
                    message = await wrap(wrapped_receive)
    
                if response_sent.is_set():
                    return {"type": "http.disconnect"}
    
                return message
    
            async def close_recv_stream_on_response_sent() -> None:
                await response_sent.wait()
                recv_stream.close()
    
            async def send_no_error(message: Message) -> None:
                try:
                    await send_stream.send(message)
                except anyio.BrokenResourceError:
                    # recv_stream has been closed, i.e. response_sent has been set.
                    return
    
            async def coro() -> None:
                nonlocal app_exc
    
                async with send_stream:
                    try:
                        await self.app(scope, receive_or_disconnect, send_no_error)
                    except Exception as exc:
                        app_exc = exc
    
            task_group.start_soon(close_recv_stream_on_response_sent)
            task_group.start_soon(coro)
    
            try:
                message = await recv_stream.receive()
                info = message.get("info", None)
                if message["type"] == "http.response.debug" and info is not None:
                    message = await recv_stream.receive()
            except anyio.EndOfStream:
                if app_exc is not None:
                    raise app_exc
                raise RuntimeError("No response returned.")
    
            assert message["type"] == "http.response.start"
    
            async def body_stream() -> typing.AsyncGenerator[bytes, None]:
                async with recv_stream:
                    async for message in recv_stream:
                        assert message["type"] == "http.response.body"
                        body = message.get("body", b"")
                        if body:
                            yield body
                        if not message.get("more_body", False):
                            break
    
                if app_exc is not None:
                    raise app_exc
    
            response = _StreamingResponse(
                status_code=message["status"], content=body_stream(), info=info
            )
            response.raw_headers = message["headers"]
            return response
    
>       with collapse_excgroups():

/usr/local/lib/python3.12/site-packages/starlette/middleware/base.py:189: 
_ _ _ _ _ _ _ _ _ _ _ _ _ _ _ _ _ _ _ _ _ _ _ _ _ _ _ _ _ _ _ _ _ _ _ _ _ _ _ _ 

self = <contextlib._GeneratorContextManager object at 0x79afbb146d80>
typ = <class 'ExceptionGroup'>
value = ExceptionGroup('unhandled errors in a TaskGroup', [ResponseValidationError()])
traceback = <traceback object at 0x79afbb172940>

    def __exit__(self, typ, value, traceback):
        if typ is None:
            try:
                next(self.gen)
            except StopIteration:
                return False
            else:
                try:
                    raise RuntimeError("generator didn't stop")
                finally:
                    self.gen.close()
        else:
            if value is None:
                # Need to force instantiation so we can reliably
                # tell if we get the same exception back
                value = typ()
            try:
>               self.gen.throw(value)

/usr/local/lib/python3.12/contextlib.py:158: 
_ _ _ _ _ _ _ _ _ _ _ _ _ _ _ _ _ _ _ _ _ _ _ _ _ _ _ _ _ _ _ _ _ _ _ _ _ _ _ _ 

    @contextmanager
    def collapse_excgroups() -> typing.Generator[None, None, None]:
        try:
            yield
        except BaseException as exc:
            if has_exceptiongroups:
                while isinstance(exc, BaseExceptionGroup) and len(exc.exceptions) == 1:
                    exc = exc.exceptions[0]  # pragma: no cover
    
>           raise exc

/usr/local/lib/python3.12/site-packages/starlette/_utils.py:91: 
_ _ _ _ _ _ _ _ _ _ _ _ _ _ _ _ _ _ _ _ _ _ _ _ _ _ _ _ _ _ _ _ _ _ _ _ _ _ _ _ 

self = <app.middleware.log_sanitizer.LogSanitizerMiddleware object at 0x79afbb146c30>
scope = {'app': <fastapi.applications.FastAPI object at 0x79afbdc25ac0>, 'asgi': {'version': '3.0'}, 'client': ('127.0.0.1', 123), 'endpoint': <function create_request at 0x79afbbdf1260>, ...}
receive = <function ASGITransport.handle_async_request.<locals>.receive at 0x79afbb12b560>
send = <function ServerErrorMiddleware.__call__.<locals>._send at 0x79afbb12b740>

    async def __call__(self, scope: Scope, receive: Receive, send: Send) -> None:
        if scope["type"] != "http":
            await self.app(scope, receive, send)
            return
    
        request = _CachedRequest(scope, receive)
        wrapped_receive = request.wrapped_receive
        response_sent = anyio.Event()
    
        async def call_next(request: Request) -> Response:
            app_exc: typing.Optional[Exception] = None
            send_stream: ObjectSendStream[typing.MutableMapping[str, typing.Any]]
            recv_stream: ObjectReceiveStream[typing.MutableMapping[str, typing.Any]]
            send_stream, recv_stream = anyio.create_memory_object_stream()
    
            async def receive_or_disconnect() -> Message:
                if response_sent.is_set():
                    return {"type": "http.disconnect"}
    
                async with anyio.create_task_group() as task_group:
    
                    async def wrap(func: typing.Callable[[], typing.Awaitable[T]]) -> T:
                        result = await func()
                        task_group.cancel_scope.cancel()
                        return result
    
                    task_group.start_soon(wrap, response_sent.wait)
                    message = await wrap(wrapped_receive)
    
                if response_sent.is_set():
                    return {"type": "http.disconnect"}
    
                return message
    
            async def close_recv_stream_on_response_sent() -> None:
                await response_sent.wait()
                recv_stream.close()
    
            async def send_no_error(message: Message) -> None:
                try:
                    await send_stream.send(message)
                except anyio.BrokenResourceError:
                    # recv_stream has been closed, i.e. response_sent has been set.
                    return
    
            async def coro() -> None:
                nonlocal app_exc
    
                async with send_stream:
                    try:
                        await self.app(scope, receive_or_disconnect, send_no_error)
                    except Exception as exc:
                        app_exc = exc
    
            task_group.start_soon(close_recv_stream_on_response_sent)
            task_group.start_soon(coro)
    
            try:
                message = await recv_stream.receive()
                info = message.get("info", None)
                if message["type"] == "http.response.debug" and info is not None:
                    message = await recv_stream.receive()
            except anyio.EndOfStream:
                if app_exc is not None:
                    raise app_exc
                raise RuntimeError("No response returned.")
    
            assert message["type"] == "http.response.start"
    
            async def body_stream() -> typing.AsyncGenerator[bytes, None]:
                async with recv_stream:
                    async for message in recv_stream:
                        assert message["type"] == "http.response.body"
                        body = message.get("body", b"")
                        if body:
                            yield body
                        if not message.get("more_body", False):
                            break
    
                if app_exc is not None:
                    raise app_exc
    
            response = _StreamingResponse(
                status_code=message["status"], content=body_stream(), info=info
            )
            response.raw_headers = message["headers"]
            return response
    
        with collapse_excgroups():
            async with anyio.create_task_group() as task_group:
>               response = await self.dispatch_func(request, call_next)

/usr/local/lib/python3.12/site-packages/starlette/middleware/base.py:191: 
_ _ _ _ _ _ _ _ _ _ _ _ _ _ _ _ _ _ _ _ _ _ _ _ _ _ _ _ _ _ _ _ _ _ _ _ _ _ _ _ 

self = <app.middleware.log_sanitizer.LogSanitizerMiddleware object at 0x79afbb146c30>
request = <starlette.middleware.base._CachedRequest object at 0x79afbb146d50>
call_next = <function BaseHTTPMiddleware.__call__.<locals>.call_next at 0x79afbb12b9c0>

    async def dispatch(self, request: Request, call_next):
        # 1. Obter informa├º├Áes b├ísicas da request
        method = request.method
        url = str(request.url)
        client_host = request.client.host if request.client else "unknown"
    
        # 2. Registrar request (com headers mascarados)
        headers = dict(request.headers)
        if "authorization" in headers:
            headers["authorization"] = "Bearer [REDACTED]"
    
        logger.debug(f"Request: {method} {url} from {client_host} | Headers: {headers}")
    
        # 3. Processar a request
>       response = await call_next(request)

app/middleware/log_sanitizer.py:41: 
_ _ _ _ _ _ _ _ _ _ _ _ _ _ _ _ _ _ _ _ _ _ _ _ _ _ _ _ _ _ _ _ _ _ _ _ _ _ _ _ 

request = <starlette.middleware.base._CachedRequest object at 0x79afbb146d50>

    async def call_next(request: Request) -> Response:
        app_exc: typing.Optional[Exception] = None
        send_stream: ObjectSendStream[typing.MutableMapping[str, typing.Any]]
        recv_stream: ObjectReceiveStream[typing.MutableMapping[str, typing.Any]]
        send_stream, recv_stream = anyio.create_memory_object_stream()
    
        async def receive_or_disconnect() -> Message:
            if response_sent.is_set():
                return {"type": "http.disconnect"}
    
            async with anyio.create_task_group() as task_group:
    
                async def wrap(func: typing.Callable[[], typing.Awaitable[T]]) -> T:
                    result = await func()
                    task_group.cancel_scope.cancel()
                    return result
    
                task_group.start_soon(wrap, response_sent.wait)
                message = await wrap(wrapped_receive)
    
            if response_sent.is_set():
                return {"type": "http.disconnect"}
    
            return message
    
        async def close_recv_stream_on_response_sent() -> None:
            await response_sent.wait()
            recv_stream.close()
    
        async def send_no_error(message: Message) -> None:
            try:
                await send_stream.send(message)
            except anyio.BrokenResourceError:
                # recv_stream has been closed, i.e. response_sent has been set.
                return
    
        async def coro() -> None:
            nonlocal app_exc
    
            async with send_stream:
                try:
                    await self.app(scope, receive_or_disconnect, send_no_error)
                except Exception as exc:
                    app_exc = exc
    
        task_group.start_soon(close_recv_stream_on_response_sent)
        task_group.start_soon(coro)
    
        try:
            message = await recv_stream.receive()
            info = message.get("info", None)
            if message["type"] == "http.response.debug" and info is not None:
                message = await recv_stream.receive()
        except anyio.EndOfStream:
            if app_exc is not None:
>               raise app_exc

/usr/local/lib/python3.12/site-packages/starlette/middleware/base.py:165: 
_ _ _ _ _ _ _ _ _ _ _ _ _ _ _ _ _ _ _ _ _ _ _ _ _ _ _ _ _ _ _ _ _ _ _ _ _ _ _ _ 

    async def coro() -> None:
        nonlocal app_exc
    
        async with send_stream:
            try:
>               await self.app(scope, receive_or_disconnect, send_no_error)

/usr/local/lib/python3.12/site-packages/starlette/middleware/base.py:151: 
_ _ _ _ _ _ _ _ _ _ _ _ _ _ _ _ _ _ _ _ _ _ _ _ _ _ _ _ _ _ _ _ _ _ _ _ _ _ _ _ 

self = <starlette.middleware.cors.CORSMiddleware object at 0x79afbb146bd0>
scope = {'app': <fastapi.applications.FastAPI object at 0x79afbdc25ac0>, 'asgi': {'version': '3.0'}, 'client': ('127.0.0.1', 123), 'endpoint': <function create_request at 0x79afbbdf1260>, ...}
receive = <function BaseHTTPMiddleware.__call__.<locals>.call_next.<locals>.receive_or_disconnect at 0x79afbb12bba0>
send = <function BaseHTTPMiddleware.__call__.<locals>.call_next.<locals>.send_no_error at 0x79afbb12bce0>

    async def __call__(self, scope: Scope, receive: Receive, send: Send) -> None:
        if scope["type"] != "http":  # pragma: no cover
            await self.app(scope, receive, send)
            return
    
        method = scope["method"]
        headers = Headers(scope=scope)
        origin = headers.get("origin")
    
        if origin is None:
>           await self.app(scope, receive, send)

/usr/local/lib/python3.12/site-packages/starlette/middleware/cors.py:83: 
_ _ _ _ _ _ _ _ _ _ _ _ _ _ _ _ _ _ _ _ _ _ _ _ _ _ _ _ _ _ _ _ _ _ _ _ _ _ _ _ 

self = <starlette.middleware.exceptions.ExceptionMiddleware object at 0x79afbb146ba0>
scope = {'app': <fastapi.applications.FastAPI object at 0x79afbdc25ac0>, 'asgi': {'version': '3.0'}, 'client': ('127.0.0.1', 123), 'endpoint': <function create_request at 0x79afbbdf1260>, ...}
receive = <function BaseHTTPMiddleware.__call__.<locals>.call_next.<locals>.receive_or_disconnect at 0x79afbb12bba0>
send = <function BaseHTTPMiddleware.__call__.<locals>.call_next.<locals>.send_no_error at 0x79afbb12bce0>

    async def __call__(self, scope: Scope, receive: Receive, send: Send) -> None:
        if scope["type"] not in ("http", "websocket"):
            await self.app(scope, receive, send)
            return
    
        scope["starlette.exception_handlers"] = (
            self._exception_handlers,
            self._status_handlers,
        )
    
        conn: typing.Union[Request, WebSocket]
        if scope["type"] == "http":
            conn = Request(scope, receive, send)
        else:
            conn = WebSocket(scope, receive, send)
    
>       await wrap_app_handling_exceptions(self.app, conn)(scope, receive, send)

/usr/local/lib/python3.12/site-packages/starlette/middleware/exceptions.py:62: 
_ _ _ _ _ _ _ _ _ _ _ _ _ _ _ _ _ _ _ _ _ _ _ _ _ _ _ _ _ _ _ _ _ _ _ _ _ _ _ _ 

scope = {'app': <fastapi.applications.FastAPI object at 0x79afbdc25ac0>, 'asgi': {'version': '3.0'}, 'client': ('127.0.0.1', 123), 'endpoint': <function create_request at 0x79afbbdf1260>, ...}
receive = <function BaseHTTPMiddleware.__call__.<locals>.call_next.<locals>.receive_or_disconnect at 0x79afbb12bba0>
send = <function BaseHTTPMiddleware.__call__.<locals>.call_next.<locals>.send_no_error at 0x79afbb12bce0>

    async def wrapped_app(scope: Scope, receive: Receive, send: Send) -> None:
        response_started = False
    
        async def sender(message: Message) -> None:
            nonlocal response_started
    
            if message["type"] == "http.response.start":
                response_started = True
            await send(message)
    
        try:
            await app(scope, receive, sender)
        except Exception as exc:
            handler = None
    
            if isinstance(exc, HTTPException):
                handler = status_handlers.get(exc.status_code)
    
            if handler is None:
                handler = _lookup_exception_handler(exception_handlers, exc)
    
            if handler is None:
>               raise exc

/usr/local/lib/python3.12/site-packages/starlette/_exception_handler.py:64: 
_ _ _ _ _ _ _ _ _ _ _ _ _ _ _ _ _ _ _ _ _ _ _ _ _ _ _ _ _ _ _ _ _ _ _ _ _ _ _ _ 

scope = {'app': <fastapi.applications.FastAPI object at 0x79afbdc25ac0>, 'asgi': {'version': '3.0'}, 'client': ('127.0.0.1', 123), 'endpoint': <function create_request at 0x79afbbdf1260>, ...}
receive = <function BaseHTTPMiddleware.__call__.<locals>.call_next.<locals>.receive_or_disconnect at 0x79afbb12bba0>
send = <function BaseHTTPMiddleware.__call__.<locals>.call_next.<locals>.send_no_error at 0x79afbb12bce0>

    async def wrapped_app(scope: Scope, receive: Receive, send: Send) -> None:
        response_started = False
    
        async def sender(message: Message) -> None:
            nonlocal response_started
    
            if message["type"] == "http.response.start":
                response_started = True
            await send(message)
    
        try:
>           await app(scope, receive, sender)

/usr/local/lib/python3.12/site-packages/starlette/_exception_handler.py:53: 
_ _ _ _ _ _ _ _ _ _ _ _ _ _ _ _ _ _ _ _ _ _ _ _ _ _ _ _ _ _ _ _ _ _ _ _ _ _ _ _ 

self = <fastapi.routing.APIRouter object at 0x79afbbb16b40>
scope = {'app': <fastapi.applications.FastAPI object at 0x79afbdc25ac0>, 'asgi': {'version': '3.0'}, 'client': ('127.0.0.1', 123), 'endpoint': <function create_request at 0x79afbbdf1260>, ...}
receive = <function BaseHTTPMiddleware.__call__.<locals>.call_next.<locals>.receive_or_disconnect at 0x79afbb12bba0>
send = <function wrap_app_handling_exceptions.<locals>.wrapped_app.<locals>.sender at 0x79afbb1500e0>

    async def __call__(self, scope: Scope, receive: Receive, send: Send) -> None:
        """
        The main entry point to the Router class.
        """
>       await self.middleware_stack(scope, receive, send)

/usr/local/lib/python3.12/site-packages/starlette/routing.py:762: 
_ _ _ _ _ _ _ _ _ _ _ _ _ _ _ _ _ _ _ _ _ _ _ _ _ _ _ _ _ _ _ _ _ _ _ _ _ _ _ _ 

self = <fastapi.routing.APIRouter object at 0x79afbbb16b40>
scope = {'app': <fastapi.applications.FastAPI object at 0x79afbdc25ac0>, 'asgi': {'version': '3.0'}, 'client': ('127.0.0.1', 123), 'endpoint': <function create_request at 0x79afbbdf1260>, ...}
receive = <function BaseHTTPMiddleware.__call__.<locals>.call_next.<locals>.receive_or_disconnect at 0x79afbb12bba0>
send = <function wrap_app_handling_exceptions.<locals>.wrapped_app.<locals>.sender at 0x79afbb1500e0>

    async def app(self, scope: Scope, receive: Receive, send: Send) -> None:
        assert scope["type"] in ("http", "websocket", "lifespan")
    
        if "router" not in scope:
            scope["router"] = self
    
        if scope["type"] == "lifespan":
            await self.lifespan(scope, receive, send)
            return
    
        partial = None
    
        for route in self.routes:
            # Determine if any route matches the incoming scope,
            # and hand over to the matching route if found.
            match, child_scope = route.matches(scope)
            if match == Match.FULL:
                scope.update(child_scope)
>               await route.handle(scope, receive, send)

/usr/local/lib/python3.12/site-packages/starlette/routing.py:782: 
_ _ _ _ _ _ _ _ _ _ _ _ _ _ _ _ _ _ _ _ _ _ _ _ _ _ _ _ _ _ _ _ _ _ _ _ _ _ _ _ 

self = APIRoute(path='/api/v1/requests', name='create_request', methods=['POST'])
scope = {'app': <fastapi.applications.FastAPI object at 0x79afbdc25ac0>, 'asgi': {'version': '3.0'}, 'client': ('127.0.0.1', 123), 'endpoint': <function create_request at 0x79afbbdf1260>, ...}
receive = <function BaseHTTPMiddleware.__call__.<locals>.call_next.<locals>.receive_or_disconnect at 0x79afbb12bba0>
send = <function wrap_app_handling_exceptions.<locals>.wrapped_app.<locals>.sender at 0x79afbb1500e0>

    async def handle(self, scope: Scope, receive: Receive, send: Send) -> None:
        if self.methods and scope["method"] not in self.methods:
            headers = {"Allow": ", ".join(self.methods)}
            if "app" in scope:
                raise HTTPException(status_code=405, headers=headers)
            else:
                response = PlainTextResponse(
                    "Method Not Allowed", status_code=405, headers=headers
                )
            await response(scope, receive, send)
        else:
>           await self.app(scope, receive, send)

/usr/local/lib/python3.12/site-packages/starlette/routing.py:297: 
_ _ _ _ _ _ _ _ _ _ _ _ _ _ _ _ _ _ _ _ _ _ _ _ _ _ _ _ _ _ _ _ _ _ _ _ _ _ _ _ 

scope = {'app': <fastapi.applications.FastAPI object at 0x79afbdc25ac0>, 'asgi': {'version': '3.0'}, 'client': ('127.0.0.1', 123), 'endpoint': <function create_request at 0x79afbbdf1260>, ...}
receive = <function BaseHTTPMiddleware.__call__.<locals>.call_next.<locals>.receive_or_disconnect at 0x79afbb12bba0>
send = <function wrap_app_handling_exceptions.<locals>.wrapped_app.<locals>.sender at 0x79afbb1500e0>

    async def app(scope: Scope, receive: Receive, send: Send) -> None:
        request = Request(scope, receive, send)
    
        async def app(scope: Scope, receive: Receive, send: Send) -> None:
            if is_async_callable(func):
                response = await func(request)
            else:
                response = await run_in_threadpool(func, request)
            await response(scope, receive, send)
    
>       await wrap_app_handling_exceptions(app, request)(scope, receive, send)

/usr/local/lib/python3.12/site-packages/starlette/routing.py:77: 
_ _ _ _ _ _ _ _ _ _ _ _ _ _ _ _ _ _ _ _ _ _ _ _ _ _ _ _ _ _ _ _ _ _ _ _ _ _ _ _ 

scope = {'app': <fastapi.applications.FastAPI object at 0x79afbdc25ac0>, 'asgi': {'version': '3.0'}, 'client': ('127.0.0.1', 123), 'endpoint': <function create_request at 0x79afbbdf1260>, ...}
receive = <function BaseHTTPMiddleware.__call__.<locals>.call_next.<locals>.receive_or_disconnect at 0x79afbb12bba0>
send = <function wrap_app_handling_exceptions.<locals>.wrapped_app.<locals>.sender at 0x79afbb1500e0>

    async def wrapped_app(scope: Scope, receive: Receive, send: Send) -> None:
        response_started = False
    
        async def sender(message: Message) -> None:
            nonlocal response_started
    
            if message["type"] == "http.response.start":
                response_started = True
            await send(message)
    
        try:
            await app(scope, receive, sender)
        except Exception as exc:
            handler = None
    
            if isinstance(exc, HTTPException):
                handler = status_handlers.get(exc.status_code)
    
            if handler is None:
                handler = _lookup_exception_handler(exception_handlers, exc)
    
            if handler is None:
>               raise exc

/usr/local/lib/python3.12/site-packages/starlette/_exception_handler.py:64: 
_ _ _ _ _ _ _ _ _ _ _ _ _ _ _ _ _ _ _ _ _ _ _ _ _ _ _ _ _ _ _ _ _ _ _ _ _ _ _ _ 

scope = {'app': <fastapi.applications.FastAPI object at 0x79afbdc25ac0>, 'asgi': {'version': '3.0'}, 'client': ('127.0.0.1', 123), 'endpoint': <function create_request at 0x79afbbdf1260>, ...}
receive = <function BaseHTTPMiddleware.__call__.<locals>.call_next.<locals>.receive_or_disconnect at 0x79afbb12bba0>
send = <function wrap_app_handling_exceptions.<locals>.wrapped_app.<locals>.sender at 0x79afbb1500e0>

    async def wrapped_app(scope: Scope, receive: Receive, send: Send) -> None:
        response_started = False
    
        async def sender(message: Message) -> None:
            nonlocal response_started
    
            if message["type"] == "http.response.start":
                response_started = True
            await send(message)
    
        try:
>           await app(scope, receive, sender)

/usr/local/lib/python3.12/site-packages/starlette/_exception_handler.py:53: 
_ _ _ _ _ _ _ _ _ _ _ _ _ _ _ _ _ _ _ _ _ _ _ _ _ _ _ _ _ _ _ _ _ _ _ _ _ _ _ _ 

scope = {'app': <fastapi.applications.FastAPI object at 0x79afbdc25ac0>, 'asgi': {'version': '3.0'}, 'client': ('127.0.0.1', 123), 'endpoint': <function create_request at 0x79afbbdf1260>, ...}
receive = <function BaseHTTPMiddleware.__call__.<locals>.call_next.<locals>.receive_or_disconnect at 0x79afbb12bba0>
send = <function wrap_app_handling_exceptions.<locals>.wrapped_app.<locals>.sender at 0x79afbb1502c0>

    async def app(scope: Scope, receive: Receive, send: Send) -> None:
        if is_async_callable(func):
>           response = await func(request)

/usr/local/lib/python3.12/site-packages/starlette/routing.py:72: 
_ _ _ _ _ _ _ _ _ _ _ _ _ _ _ _ _ _ _ _ _ _ _ _ _ _ _ _ _ _ _ _ _ _ _ _ _ _ _ _ 

request = <starlette.requests.Request object at 0x79afbb147530>

    async def app(request: Request) -> Response:
        exception_to_reraise: Optional[Exception] = None
        response: Union[Response, None] = None
        async with AsyncExitStack() as async_exit_stack:
            # TODO: remove this scope later, after a few releases
            # This scope fastapi_astack is no longer used by FastAPI, kept for
            # compatibility, just in case
            request.scope["fastapi_astack"] = async_exit_stack
            try:
                body: Any = None
                if body_field:
                    if is_body_form:
                        body = await request.form()
                        async_exit_stack.push_async_callback(body.close)
                    else:
                        body_bytes = await request.body()
                        if body_bytes:
                            json_body: Any = Undefined
                            content_type_value = request.headers.get("content-type")
                            if not content_type_value:
                                json_body = await request.json()
                            else:
                                message = email.message.Message()
                                message["content-type"] = content_type_value
                                if message.get_content_maintype() == "application":
                                    subtype = message.get_content_subtype()
                                    if subtype == "json" or subtype.endswith("+json"):
                                        json_body = await request.json()
                            if json_body != Undefined:
                                body = json_body
                            else:
                                body = body_bytes
            except json.JSONDecodeError as e:
                validation_error = RequestValidationError(
                    [
                        {
                            "type": "json_invalid",
                            "loc": ("body", e.pos),
                            "msg": "JSON decode error",
                            "input": {},
                            "ctx": {"error": e.msg},
                        }
                    ],
                    body=e.doc,
                )
                exception_to_reraise = validation_error
                raise validation_error from e
            except HTTPException as e:
                exception_to_reraise = e
                raise
            except Exception as e:
                http_error = HTTPException(
                    status_code=400, detail="There was an error parsing the body"
                )
                exception_to_reraise = http_error
                raise http_error from e
            try:
                solved_result = await solve_dependencies(
                    request=request,
                    dependant=dependant,
                    body=body,
                    dependency_overrides_provider=dependency_overrides_provider,
                    async_exit_stack=async_exit_stack,
                )
                values, errors, background_tasks, sub_response, _ = solved_result
            except Exception as e:
                exception_to_reraise = e
                raise e
            if errors:
                validation_error = RequestValidationError(
                    _normalize_errors(errors), body=body
                )
                exception_to_reraise = validation_error
                raise validation_error
            else:
                try:
                    raw_response = await run_endpoint_function(
                        dependant=dependant, values=values, is_coroutine=is_coroutine
                    )
                except Exception as e:
                    exception_to_reraise = e
                    raise e
                if isinstance(raw_response, Response):
                    if raw_response.background is None:
                        raw_response.background = background_tasks
                    response = raw_response
                else:
                    response_args: Dict[str, Any] = {"background": background_tasks}
                    # If status_code was set, use it, otherwise use the default from the
                    # response class, in the case of redirect it's 307
                    current_status_code = (
                        status_code if status_code else sub_response.status_code
                    )
                    if current_status_code is not None:
                        response_args["status_code"] = current_status_code
                    if sub_response.status_code:
                        response_args["status_code"] = sub_response.status_code
>                   content = await serialize_response(
                        field=response_field,
                        response_content=raw_response,
                        include=response_model_include,
                        exclude=response_model_exclude,
                        by_alias=response_model_by_alias,
                        exclude_unset=response_model_exclude_unset,
                        exclude_defaults=response_model_exclude_defaults,
                        exclude_none=response_model_exclude_none,
                        is_coroutine=is_coroutine,
                    )

/usr/local/lib/python3.12/site-packages/fastapi/routing.py:315: 
_ _ _ _ _ _ _ _ _ _ _ _ _ _ _ _ _ _ _ _ _ _ _ _ _ _ _ _ _ _ _ _ _ _ _ _ _ _ _ _ 

    async def serialize_response(
        *,
        field: Optional[ModelField] = None,
        response_content: Any,
        include: Optional[IncEx] = None,
        exclude: Optional[IncEx] = None,
        by_alias: bool = True,
        exclude_unset: bool = False,
        exclude_defaults: bool = False,
        exclude_none: bool = False,
        is_coroutine: bool = True,
    ) -> Any:
        if field:
            errors = []
            if not hasattr(field, "serialize"):
                # pydantic v1
                response_content = _prepare_response_content(
                    response_content,
                    exclude_unset=exclude_unset,
                    exclude_defaults=exclude_defaults,
                    exclude_none=exclude_none,
                )
            if is_coroutine:
                value, errors_ = field.validate(response_content, {}, loc=("response",))
            else:
                value, errors_ = await run_in_threadpool(
                    field.validate, response_content, {}, loc=("response",)
                )
            if isinstance(errors_, list):
                errors.extend(errors_)
            elif errors_:
                errors.append(errors_)
            if errors:
>               raise ResponseValidationError(
                    errors=_normalize_errors(errors), body=response_content
                )
E               fastapi.exceptions.ResponseValidationError: 2 validation errors:
E                 {'type': 'get_attribute_error', 'loc': ('response', 'latitude'), 'msg': "Error extracting attribute: ImportError: This feature needs the optional Shapely dependency. Please install it with 'pip install geoalchemy2[shapely]'.", 'input': <app.models.request.Request object at 0x79afbbba2a80>, 'ctx': {'error': "ImportError: This feature needs the optional Shapely dependency. Please install it with 'pip install geoalchemy2[shapely]'."}, 'url': 'https://errors.pydantic.dev/2.5/v/get_attribute_error'}
E                 {'type': 'get_attribute_error', 'loc': ('response', 'longitude'), 'msg': "Error extracting attribute: ImportError: This feature needs the optional Shapely dependency. Please install it with 'pip install geoalchemy2[shapely]'.", 'input': <app.models.request.Request object at 0x79afbbba2a80>, 'ctx': {'error': "ImportError: This feature needs the optional Shapely dependency. Please install it with 'pip install geoalchemy2[shapely]'."}, 'url': 'https://errors.pydantic.dev/2.5/v/get_attribute_error'}

/usr/local/lib/python3.12/site-packages/fastapi/routing.py:155: ResponseValidationError
---------------------------- Captured stdout setup -----------------------------

Ô£à Banco de dados de teste inicializado via Alembic.
2026-04-13 12:31:07,296 INFO sqlalchemy.engine.Engine select pg_catalog.version()
2026-04-13 12:31:07,296 INFO sqlalchemy.engine.Engine [raw sql] ()
2026-04-13 12:31:07,306 INFO sqlalchemy.engine.Engine select current_schema()
2026-04-13 12:31:07,306 INFO sqlalchemy.engine.Engine [raw sql] ()
2026-04-13 12:31:07,310 INFO sqlalchemy.engine.Engine show standard_conforming_strings
2026-04-13 12:31:07,310 INFO sqlalchemy.engine.Engine [raw sql] ()
2026-04-13 12:31:07,313 INFO sqlalchemy.engine.Engine BEGIN (implicit)
2026-04-13 12:31:07,316 INFO sqlalchemy.engine.Engine DELETE FROM request_images
2026-04-13 12:31:07,316 INFO sqlalchemy.engine.Engine [generated in 0.00056s] ()
2026-04-13 12:31:07,323 INFO sqlalchemy.engine.Engine DELETE FROM professional_categories
2026-04-13 12:31:07,324 INFO sqlalchemy.engine.Engine [generated in 0.00045s] ()
2026-04-13 12:31:07,327 INFO sqlalchemy.engine.Engine DELETE FROM contracts
2026-04-13 12:31:07,327 INFO sqlalchemy.engine.Engine [generated in 0.00043s] ()
2026-04-13 12:31:07,331 INFO sqlalchemy.engine.Engine DELETE FROM bids
2026-04-13 12:31:07,331 INFO sqlalchemy.engine.Engine [generated in 0.00045s] ()
2026-04-13 12:31:07,334 INFO sqlalchemy.engine.Engine DELETE FROM requests
2026-04-13 12:31:07,334 INFO sqlalchemy.engine.Engine [generated in 0.00039s] ()
2026-04-13 12:31:07,341 INFO sqlalchemy.engine.Engine DELETE FROM professionals
2026-04-13 12:31:07,341 INFO sqlalchemy.engine.Engine [generated in 0.00039s] ()
2026-04-13 12:31:07,345 INFO sqlalchemy.engine.Engine DELETE FROM consent_logs
2026-04-13 12:31:07,346 INFO sqlalchemy.engine.Engine [generated in 0.00032s] ()
2026-04-13 12:31:07,348 INFO sqlalchemy.engine.Engine DELETE FROM users
2026-04-13 12:31:07,348 INFO sqlalchemy.engine.Engine [generated in 0.00053s] ()
2026-04-13 12:31:07,350 INFO sqlalchemy.engine.Engine DELETE FROM categories
2026-04-13 12:31:07,351 INFO sqlalchemy.engine.Engine [generated in 0.00027s] ()
2026-04-13 12:31:07,355 INFO sqlalchemy.engine.Engine COMMIT
2026-04-13 12:31:07,357 INFO sqlalchemy.engine.Engine BEGIN (implicit)
2026-04-13 12:31:07,439 INFO sqlalchemy.engine.Engine INSERT INTO users (id, name, email, phone, password_hash, role, avatar_url, is_active, last_login_at, created_at, updated_at) VALUES ($1::UUID, $2::VARCHAR, $3::VARCHAR, $4::VARCHAR, $5::VARCHAR, $6::userrole, $7::VARCHAR, $8::BOOLEAN, $9::TIMESTAMP WITH TIME ZONE, $10::TIMESTAMP WITH TIME ZONE, $11::TIMESTAMP WITH TIME ZONE)
2026-04-13 12:31:07,439 INFO sqlalchemy.engine.Engine [generated in 0.00068s] (UUID('fe69cdb3-8341-4c74-b50a-fc5a0eb4c454'), 'Test Client', 'client_940a54@example.com', None, 'fakehash-$2b$12$6/9q...', 'client', None, True, None, datetime.datetime(2026, 4, 13, 12, 31, 7, 438872, tzinfo=datetime.timezone.utc), datetime.datetime(2026, 4, 13, 12, 31, 7, 438879, tzinfo=datetime.timezone.utc))
2026-04-13 12:31:07,494 INFO sqlalchemy.engine.Engine SELECT users.id, users.name, users.email, users.phone, users.password_hash, users.role, users.avatar_url, users.is_active, users.last_login_at, users.created_at, users.updated_at 
FROM users 
WHERE users.id = $1::UUID
2026-04-13 12:31:07,494 INFO sqlalchemy.engine.Engine [generated in 0.00086s] (UUID('fe69cdb3-8341-4c74-b50a-fc5a0eb4c454'),)
2026-04-13 12:31:07,510 INFO sqlalchemy.engine.Engine INSERT INTO categories (id, name, slug, color, parent_id, sort_order, is_active) VALUES ($1::UUID, $2::VARCHAR, $3::VARCHAR, $4::VARCHAR, $5::UUID, $6::INTEGER, $7::BOOLEAN)
2026-04-13 12:31:07,511 INFO sqlalchemy.engine.Engine [generated in 0.00107s] (UUID('bd0e1f38-15b9-4ed3-b56f-57f88fff754c'), 'Limpeza', 'limpeza', '#FFFFFF', None, 0, True)
2026-04-13 12:31:07,522 INFO sqlalchemy.engine.Engine SELECT categories.id, categories.name, categories.slug, categories.color, categories.parent_id, categories.sort_order, categories.is_active 
FROM categories 
WHERE categories.id = $1::UUID
2026-04-13 12:31:07,522 INFO sqlalchemy.engine.Engine [generated in 0.00062s] (UUID('bd0e1f38-15b9-4ed3-b56f-57f88fff754c'),)
------------------------------ Captured log setup ------------------------------
INFO     sqlalchemy.engine.Engine:base.py:1848 select pg_catalog.version()
INFO     sqlalchemy.engine.Engine:base.py:1848 [raw sql] ()
INFO     sqlalchemy.engine.Engine:base.py:1848 select current_schema()
INFO     sqlalchemy.engine.Engine:base.py:1848 [raw sql] ()
INFO     sqlalchemy.engine.Engine:base.py:1848 show standard_conforming_strings
INFO     sqlalchemy.engine.Engine:base.py:1848 [raw sql] ()
INFO     sqlalchemy.engine.Engine:base.py:2690 BEGIN (implicit)
INFO     sqlalchemy.engine.Engine:base.py:1848 DELETE FROM request_images
INFO     sqlalchemy.engine.Engine:base.py:1848 [generated in 0.00056s] ()
INFO     sqlalchemy.engine.Engine:base.py:1848 DELETE FROM professional_categories
INFO     sqlalchemy.engine.Engine:base.py:1848 [generated in 0.00045s] ()
INFO     sqlalchemy.engine.Engine:base.py:1848 DELETE FROM contracts
INFO     sqlalchemy.engine.Engine:base.py:1848 [generated in 0.00043s] ()
INFO     sqlalchemy.engine.Engine:base.py:1848 DELETE FROM bids
INFO     sqlalchemy.engine.Engine:base.py:1848 [generated in 0.00045s] ()
INFO     sqlalchemy.engine.Engine:base.py:1848 DELETE FROM requests
INFO     sqlalchemy.engine.Engine:base.py:1848 [generated in 0.00039s] ()
INFO     sqlalchemy.engine.Engine:base.py:1848 DELETE FROM professionals
INFO     sqlalchemy.engine.Engine:base.py:1848 [generated in 0.00039s] ()
INFO     sqlalchemy.engine.Engine:base.py:1848 DELETE FROM consent_logs
INFO     sqlalchemy.engine.Engine:base.py:1848 [generated in 0.00032s] ()
INFO     sqlalchemy.engine.Engine:base.py:1848 DELETE FROM users
INFO     sqlalchemy.engine.Engine:base.py:1848 [generated in 0.00053s] ()
INFO     sqlalchemy.engine.Engine:base.py:1848 DELETE FROM categories
INFO     sqlalchemy.engine.Engine:base.py:1848 [generated in 0.00027s] ()
INFO     sqlalchemy.engine.Engine:base.py:2696 COMMIT
INFO     sqlalchemy.engine.Engine:base.py:2690 BEGIN (implicit)
INFO     sqlalchemy.engine.Engine:base.py:1848 INSERT INTO users (id, name, email, phone, password_hash, role, avatar_url, is_active, last_login_at, created_at, updated_at) VALUES ($1::UUID, $2::VARCHAR, $3::VARCHAR, $4::VARCHAR, $5::VARCHAR, $6::userrole, $7::VARCHAR, $8::BOOLEAN, $9::TIMESTAMP WITH TIME ZONE, $10::TIMESTAMP WITH TIME ZONE, $11::TIMESTAMP WITH TIME ZONE)
INFO     sqlalchemy.engine.Engine:base.py:1848 [generated in 0.00068s] (UUID('fe69cdb3-8341-4c74-b50a-fc5a0eb4c454'), 'Test Client', 'client_940a54@example.com', None, 'fakehash-$2b$12$6/9q...', 'client', None, True, None, datetime.datetime(2026, 4, 13, 12, 31, 7, 438872, tzinfo=datetime.timezone.utc), datetime.datetime(2026, 4, 13, 12, 31, 7, 438879, tzinfo=datetime.timezone.utc))
INFO     sqlalchemy.engine.Engine:base.py:1848 SELECT users.id, users.name, users.email, users.phone, users.password_hash, users.role, users.avatar_url, users.is_active, users.last_login_at, users.created_at, users.updated_at 
FROM users 
WHERE users.id = $1::UUID
INFO     sqlalchemy.engine.Engine:base.py:1848 [generated in 0.00086s] (UUID('fe69cdb3-8341-4c74-b50a-fc5a0eb4c454'),)
INFO     sqlalchemy.engine.Engine:base.py:1848 INSERT INTO categories (id, name, slug, color, parent_id, sort_order, is_active) VALUES ($1::UUID, $2::VARCHAR, $3::VARCHAR, $4::VARCHAR, $5::UUID, $6::INTEGER, $7::BOOLEAN)
INFO     sqlalchemy.engine.Engine:base.py:1848 [generated in 0.00107s] (UUID('bd0e1f38-15b9-4ed3-b56f-57f88fff754c'), 'Limpeza', 'limpeza', '#FFFFFF', None, 0, True)
INFO     sqlalchemy.engine.Engine:base.py:1848 SELECT categories.id, categories.name, categories.slug, categories.color, categories.parent_id, categories.sort_order, categories.is_active 
FROM categories 
WHERE categories.id = $1::UUID
INFO     sqlalchemy.engine.Engine:base.py:1848 [generated in 0.00062s] (UUID('bd0e1f38-15b9-4ed3-b56f-57f88fff754c'),)
----------------------------- Captured stdout call -----------------------------
2026-04-13 12:31:07,547 INFO sqlalchemy.engine.Engine SELECT users.id, users.name, users.email, users.phone, users.password_hash, users.role, users.avatar_url, users.is_active, users.last_login_at, users.created_at, users.updated_at 
FROM users 
WHERE users.id = $1::UUID
2026-04-13 12:31:07,548 INFO sqlalchemy.engine.Engine [generated in 0.00115s] ('fe69cdb3-8341-4c74-b50a-fc5a0eb4c454',)
2026-04-13 12:31:07,575 INFO sqlalchemy.engine.Engine INSERT INTO requests (id, client_id, category_id, title, description, location, urgency, budget_cents, status, ai_complexity, ai_urgency, ai_specialties) VALUES ($1::UUID, $2::UUID, $3::UUID, $4::VARCHAR, $5::VARCHAR, ST_GeomFromEWKT($6), $7::VARCHAR, $8::INTEGER, $9::VARCHAR, $10::VARCHAR, $11::VARCHAR, $12::TEXT[]) RETURNING requests.created_at, requests.updated_at
2026-04-13 12:31:07,575 INFO sqlalchemy.engine.Engine [generated in 0.00112s] (UUID('0a65a9dd-62cd-45b6-b4fb-af136bf89613'), UUID('fe69cdb3-8341-4c74-b50a-fc5a0eb4c454'), UUID('bd0e1f38-15b9-4ed3-b56f-57f88fff754c'), 'Limpeza de Sof├í', 'Sof├í de 3 lugares retr├ítil', 'POINT(-46.63 -23.55)', 'scheduled', 25000, 'open', None, None, None)
2026-04-13 12:31:07,632 INFO sqlalchemy.engine.Engine SELECT requests.id 
FROM requests 
WHERE requests.id = $1::UUID
2026-04-13 12:31:07,633 INFO sqlalchemy.engine.Engine [generated in 0.00080s] (UUID('0a65a9dd-62cd-45b6-b4fb-af136bf89613'),)
------------------------------ Captured log call -------------------------------
INFO     sqlalchemy.engine.Engine:base.py:1848 SELECT users.id, users.name, users.email, users.phone, users.password_hash, users.role, users.avatar_url, users.is_active, users.last_login_at, users.created_at, users.updated_at 
FROM users 
WHERE users.id = $1::UUID
INFO     sqlalchemy.engine.Engine:base.py:1848 [generated in 0.00115s] ('fe69cdb3-8341-4c74-b50a-fc5a0eb4c454',)
INFO     sqlalchemy.engine.Engine:base.py:1848 INSERT INTO requests (id, client_id, category_id, title, description, location, urgency, budget_cents, status, ai_complexity, ai_urgency, ai_specialties) VALUES ($1::UUID, $2::UUID, $3::UUID, $4::VARCHAR, $5::VARCHAR, ST_GeomFromEWKT($6), $7::VARCHAR, $8::INTEGER, $9::VARCHAR, $10::VARCHAR, $11::VARCHAR, $12::TEXT[]) RETURNING requests.created_at, requests.updated_at
INFO     sqlalchemy.engine.Engine:base.py:1848 [generated in 0.00112s] (UUID('0a65a9dd-62cd-45b6-b4fb-af136bf89613'), UUID('fe69cdb3-8341-4c74-b50a-fc5a0eb4c454'), UUID('bd0e1f38-15b9-4ed3-b56f-57f88fff754c'), 'Limpeza de Sof├í', 'Sof├í de 3 lugares retr├ítil', 'POINT(-46.63 -23.55)', 'scheduled', 25000, 'open', None, None, None)
INFO     sqlalchemy.engine.Engine:base.py:1848 SELECT requests.id 
FROM requests 
WHERE requests.id = $1::UUID
INFO     sqlalchemy.engine.Engine:base.py:1848 [generated in 0.00080s] (UUID('0a65a9dd-62cd-45b6-b4fb-af136bf89613'),)
--------------------------- Captured stdout teardown ---------------------------
2026-04-13 12:31:09,090 INFO sqlalchemy.engine.Engine ROLLBACK
---------------------------- Captured log teardown -----------------------------
INFO     sqlalchemy.engine.Engine:base.py:2693 ROLLBACK
=========================== short test summary info ============================
FAILED tests/integration/test_requests_integration.py::test_create_request_success
============================== 1 failed in 6.00s ===============================
